// Jest Snapshot v1, https://goo.gl/fbAQLP

exports[`About renders correctly 1`] = `
Object {
  "asFragment": [Function],
  "baseElement": <body>
    <div>
      <div
        class="Hook-root-2v6cfj"
        id="about"
      >
        <div
          class="Hook-textContainer-17qwi1r"
        >
          <h5
            class="MuiTypography-root-1 MuiTypography-h5-17 Hook-title-u0uo6s"
          >
            about.sectionTitle1
          </h5>
          <h5
            class="MuiTypography-root-1 MuiTypography-h5-17 Hook-title-u0uo6s"
          >
            about.sectionTitle2
          </h5>
          <p
            class="MuiTypography-root-1 MuiTypography-body1-10 Hook-text-1fyv5yu"
          >
            about.message
          </p>
        </div>
        <div
          class="Hook-imgContainer-5tx6ux"
        >
          <div
            class="Hook-img-ldoh2k gatsby-image-wrapper"
            style="position: relative; overflow: hidden;"
          >
            <div
              style="width: 100%;"
            />
            <picture>
              <source />
              <img
                alt="two surfers in ocean"
                style="position: absolute; top: 0px; left: 0px; width: 100%; height: 100%; opacity: 0;"
              />
            </picture>
            <noscript>
              &lt;picture&gt;&lt;img src="" alt="two surfers in ocean" style="position:absolute;top:0;left:0;transition:opacity 0.5s;transition-delay:0.5s;opacity:1;width:100%;height:100%;object-fit:cover;object-position:center"/&gt;&lt;/picture&gt;
            </noscript>
          </div>
          <p
            class="MuiTypography-root-1 MuiTypography-body1-10 Hook-sideText-esk9qf"
          >
            Surf Accessories from Munich
          </p>
        </div>
        <div
          class="Hook-backgroundImg-3em4y gatsby-image-wrapper"
          style="position: absolute; overflow: hidden;"
        >
          <div
            style="width: 100%;"
          />
          <picture>
            <source />
            <img
              alt="wave background"
              style="position: absolute; top: 0px; left: 0px; width: 100%; height: 100%; opacity: 0;"
            />
          </picture>
          <noscript>
            &lt;picture&gt;&lt;img src="" alt="wave background" style="position:absolute;top:0;left:0;transition:opacity 0.5s;transition-delay:0.5s;opacity:1;width:100%;height:100%;object-fit:cover;object-position:center"/&gt;&lt;/picture&gt;
          </noscript>
        </div>
      </div>
    </div>
  </body>,
  "container": <div>
    <div
      class="Hook-root-2v6cfj"
      id="about"
    >
      <div
        class="Hook-textContainer-17qwi1r"
      >
        <h5
          class="MuiTypography-root-1 MuiTypography-h5-17 Hook-title-u0uo6s"
        >
          about.sectionTitle1
        </h5>
        <h5
          class="MuiTypography-root-1 MuiTypography-h5-17 Hook-title-u0uo6s"
        >
          about.sectionTitle2
        </h5>
        <p
          class="MuiTypography-root-1 MuiTypography-body1-10 Hook-text-1fyv5yu"
        >
          about.message
        </p>
      </div>
      <div
        class="Hook-imgContainer-5tx6ux"
      >
        <div
          class="Hook-img-ldoh2k gatsby-image-wrapper"
          style="position: relative; overflow: hidden;"
        >
          <div
            style="width: 100%;"
          />
          <picture>
            <source />
            <img
              alt="two surfers in ocean"
              style="position: absolute; top: 0px; left: 0px; width: 100%; height: 100%; opacity: 0;"
            />
          </picture>
          <noscript>
            &lt;picture&gt;&lt;img src="" alt="two surfers in ocean" style="position:absolute;top:0;left:0;transition:opacity 0.5s;transition-delay:0.5s;opacity:1;width:100%;height:100%;object-fit:cover;object-position:center"/&gt;&lt;/picture&gt;
          </noscript>
        </div>
        <p
          class="MuiTypography-root-1 MuiTypography-body1-10 Hook-sideText-esk9qf"
        >
          Surf Accessories from Munich
        </p>
      </div>
      <div
        class="Hook-backgroundImg-3em4y gatsby-image-wrapper"
        style="position: absolute; overflow: hidden;"
      >
        <div
          style="width: 100%;"
        />
        <picture>
          <source />
          <img
            alt="wave background"
            style="position: absolute; top: 0px; left: 0px; width: 100%; height: 100%; opacity: 0;"
          />
        </picture>
        <noscript>
          &lt;picture&gt;&lt;img src="" alt="wave background" style="position:absolute;top:0;left:0;transition:opacity 0.5s;transition-delay:0.5s;opacity:1;width:100%;height:100%;object-fit:cover;object-position:center"/&gt;&lt;/picture&gt;
        </noscript>
      </div>
    </div>
  </div>,
  "debug": [Function],
  "getAllByAltText": [Function],
  "getAllByDisplayValue": [Function],
  "getAllByLabelText": [Function],
  "getAllByPlaceholderText": [Function],
  "getAllByRole": [Function],
  "getAllBySelectText": [Function],
  "getAllByTestId": [Function],
  "getAllByText": [Function],
  "getAllByTitle": [Function],
  "getAllByValue": [Function],
  "getByAltText": [Function],
  "getByDisplayValue": [Function],
  "getByLabelText": [Function],
  "getByPlaceholderText": [Function],
  "getByRole": [Function],
  "getBySelectText": [Function],
  "getByTestId": [Function],
  "getByText": [Function],
  "getByTitle": [Function],
  "getByValue": [Function],
  "queryAllByAltText": [Function],
  "queryAllByDisplayValue": [Function],
  "queryAllByLabelText": [Function],
  "queryAllByPlaceholderText": [Function],
  "queryAllByRole": [Function],
  "queryAllBySelectText": [Function],
  "queryAllByTestId": [Function],
  "queryAllByText": [Function],
  "queryAllByTitle": [Function],
  "queryAllByValue": [Function],
  "queryByAltText": [Function],
  "queryByDisplayValue": [Function],
  "queryByLabelText": [Function],
  "queryByPlaceholderText": [Function],
  "queryByRole": [Function],
  "queryBySelectText": [Function],
  "queryByTestId": [Function],
  "queryByText": [Function],
  "queryByTitle": [Function],
  "queryByValue": [Function],
  "rerender": [Function],
  "unmount": [Function],
}
`;
