// Jest Snapshot v1, https://goo.gl/fbAQLP

exports[`Feature renders correctly 1`] = `
Object {
  "asFragment": [Function],
  "baseElement": <body>
    <div>
      <div
        class="Hook-root-2vwdl0"
        id="products"
      >
        <div
          class="Hook-containerDetails-1cbfjn5"
        >
          <p
            class="MuiTypography-root-1 MuiTypography-body2-2 Hook-detailTitle-ez9818"
          >
            response
          </p>
          <div
            class="Hook-containerIcon2-1q2t2mn"
          >
            <p
              class="MuiTypography-root-1 MuiTypography-body2-2 Hook-detailText-1l8p3hc"
            >
              weight
            </p>
            <svg
              aria-hidden="true"
              class="MuiSvgIcon-root-68 Hook-icon-1w4gcm9"
              focusable="false"
              role="presentation"
              viewBox="0 0 484.42 484.4"
            >
              <path
                d="M384.789,365.354c-0.692-5.075-1.52-9.932-2.466-14.578c-6.469-31.544-21.299-60.817-42.937-84.667 c6.452,28.411-11.2,46.561-11.419,46.502c3.125-34.128-8.259-68.021-31.366-93.324c-9.325-10.195-18.834-20.642-28.546-31.341 c-33.834-37.203-61.316-74.913-85.859-106.718c0.592,15.717-4.729,35.851-25.76,60.471c0.237-0.026,9.003-17.094,12.246-45.616 c2.129-18.706-3.885-37.421-16.485-51.407C121.675,10.859,91.693-8.744,53.231,3.833C13.2,16.736,1.308,59.69,15.901,119.013 c4.054,16.503,14.358,30.784,28.733,39.846c32.616,20.54,56.703,18.386,56.484,18.641c-31.535,8.461-54.102,0.835-69.169-11.208 c19.998,47.135,53.68,98.772,97.783,147.216c16.013,17.643,32.921,33.519,50.235,47.607c27.955,22.752,65.943,29.264,99.86,17.044 l0,0c-0.1-0.213-10.726,23.909-44.592,21.349c2.939,1.714,5.862,3.378,8.766,4.992c18.784,10.388,39.848,16.266,61.282,16.992 c15.811,0.541,33.749-1.494,52.262-8.546c0.726,0.152-43.224,30.032-9.899,69.854c0.052-17.348,34.745-54.289,47.803-68.41 c0.389-0.389-18.226,39.348,32.651,70.03c-21.536-26.408-10.051-43.968-2.399-57.049c-31.84-13.547-64.541-30.784-95.299-50.852 c-59.441-38.478-110.165-87.943-142.512-129.074c-16.435-20.405-28.225-38.807-36.518-51.551 c-8.091-12.914-12.128-20.65-12.146-20.633c0.017-0.017,5.608,6.68,15.456,18.208c9.662,11.648,24.322,27.533,42.228,46.012 c35.826,36.984,87.26,82.235,144.977,119.412c29.83,19.526,61.062,37.093,91.399,51.796c4.696-14.687,11.672-33.401,41.232-38.039 c-47.887-12.12-69.271,22.389-69.373,22.811c3.328-19.035,16.959-67.244,29.982-77.715 C393.235,316.244,384.3,364.856,384.789,365.354z"
              />
            </svg>
            <svg
              aria-hidden="true"
              class="MuiSvgIcon-root-68 Hook-icon-1w4gcm9"
              focusable="false"
              role="presentation"
              viewBox="0 0 484.42 484.4"
            >
              <path
                d="M384.789,365.354c-0.692-5.075-1.52-9.932-2.466-14.578c-6.469-31.544-21.299-60.817-42.937-84.667 c6.452,28.411-11.2,46.561-11.419,46.502c3.125-34.128-8.259-68.021-31.366-93.324c-9.325-10.195-18.834-20.642-28.546-31.341 c-33.834-37.203-61.316-74.913-85.859-106.718c0.592,15.717-4.729,35.851-25.76,60.471c0.237-0.026,9.003-17.094,12.246-45.616 c2.129-18.706-3.885-37.421-16.485-51.407C121.675,10.859,91.693-8.744,53.231,3.833C13.2,16.736,1.308,59.69,15.901,119.013 c4.054,16.503,14.358,30.784,28.733,39.846c32.616,20.54,56.703,18.386,56.484,18.641c-31.535,8.461-54.102,0.835-69.169-11.208 c19.998,47.135,53.68,98.772,97.783,147.216c16.013,17.643,32.921,33.519,50.235,47.607c27.955,22.752,65.943,29.264,99.86,17.044 l0,0c-0.1-0.213-10.726,23.909-44.592,21.349c2.939,1.714,5.862,3.378,8.766,4.992c18.784,10.388,39.848,16.266,61.282,16.992 c15.811,0.541,33.749-1.494,52.262-8.546c0.726,0.152-43.224,30.032-9.899,69.854c0.052-17.348,34.745-54.289,47.803-68.41 c0.389-0.389-18.226,39.348,32.651,70.03c-21.536-26.408-10.051-43.968-2.399-57.049c-31.84-13.547-64.541-30.784-95.299-50.852 c-59.441-38.478-110.165-87.943-142.512-129.074c-16.435-20.405-28.225-38.807-36.518-51.551 c-8.091-12.914-12.128-20.65-12.146-20.633c0.017-0.017,5.608,6.68,15.456,18.208c9.662,11.648,24.322,27.533,42.228,46.012 c35.826,36.984,87.26,82.235,144.977,119.412c29.83,19.526,61.062,37.093,91.399,51.796c4.696-14.687,11.672-33.401,41.232-38.039 c-47.887-12.12-69.271,22.389-69.373,22.811c3.328-19.035,16.959-67.244,29.982-77.715 C393.235,316.244,384.3,364.856,384.789,365.354z"
              />
            </svg>
            <svg
              aria-hidden="true"
              class="MuiSvgIcon-root-68 Hook-icon-1w4gcm9"
              focusable="false"
              role="presentation"
              viewBox="0 0 484.42 484.4"
            >
              <path
                d="M384.789,365.354c-0.692-5.075-1.52-9.932-2.466-14.578c-6.469-31.544-21.299-60.817-42.937-84.667 c6.452,28.411-11.2,46.561-11.419,46.502c3.125-34.128-8.259-68.021-31.366-93.324c-9.325-10.195-18.834-20.642-28.546-31.341 c-33.834-37.203-61.316-74.913-85.859-106.718c0.592,15.717-4.729,35.851-25.76,60.471c0.237-0.026,9.003-17.094,12.246-45.616 c2.129-18.706-3.885-37.421-16.485-51.407C121.675,10.859,91.693-8.744,53.231,3.833C13.2,16.736,1.308,59.69,15.901,119.013 c4.054,16.503,14.358,30.784,28.733,39.846c32.616,20.54,56.703,18.386,56.484,18.641c-31.535,8.461-54.102,0.835-69.169-11.208 c19.998,47.135,53.68,98.772,97.783,147.216c16.013,17.643,32.921,33.519,50.235,47.607c27.955,22.752,65.943,29.264,99.86,17.044 l0,0c-0.1-0.213-10.726,23.909-44.592,21.349c2.939,1.714,5.862,3.378,8.766,4.992c18.784,10.388,39.848,16.266,61.282,16.992 c15.811,0.541,33.749-1.494,52.262-8.546c0.726,0.152-43.224,30.032-9.899,69.854c0.052-17.348,34.745-54.289,47.803-68.41 c0.389-0.389-18.226,39.348,32.651,70.03c-21.536-26.408-10.051-43.968-2.399-57.049c-31.84-13.547-64.541-30.784-95.299-50.852 c-59.441-38.478-110.165-87.943-142.512-129.074c-16.435-20.405-28.225-38.807-36.518-51.551 c-8.091-12.914-12.128-20.65-12.146-20.633c0.017-0.017,5.608,6.68,15.456,18.208c9.662,11.648,24.322,27.533,42.228,46.012 c35.826,36.984,87.26,82.235,144.977,119.412c29.83,19.526,61.062,37.093,91.399,51.796c4.696-14.687,11.672-33.401,41.232-38.039 c-47.887-12.12-69.271,22.389-69.373,22.811c3.328-19.035,16.959-67.244,29.982-77.715 C393.235,316.244,384.3,364.856,384.789,365.354z"
              />
            </svg>
            <svg
              aria-hidden="true"
              class="MuiSvgIcon-root-68 Hook-off-ol7h5l Hook-icon-1w4gcm9"
              focusable="false"
              role="presentation"
              viewBox="0 0 484.42 484.4"
            >
              <path
                d="M384.789,365.354c-0.692-5.075-1.52-9.932-2.466-14.578c-6.469-31.544-21.299-60.817-42.937-84.667 c6.452,28.411-11.2,46.561-11.419,46.502c3.125-34.128-8.259-68.021-31.366-93.324c-9.325-10.195-18.834-20.642-28.546-31.341 c-33.834-37.203-61.316-74.913-85.859-106.718c0.592,15.717-4.729,35.851-25.76,60.471c0.237-0.026,9.003-17.094,12.246-45.616 c2.129-18.706-3.885-37.421-16.485-51.407C121.675,10.859,91.693-8.744,53.231,3.833C13.2,16.736,1.308,59.69,15.901,119.013 c4.054,16.503,14.358,30.784,28.733,39.846c32.616,20.54,56.703,18.386,56.484,18.641c-31.535,8.461-54.102,0.835-69.169-11.208 c19.998,47.135,53.68,98.772,97.783,147.216c16.013,17.643,32.921,33.519,50.235,47.607c27.955,22.752,65.943,29.264,99.86,17.044 l0,0c-0.1-0.213-10.726,23.909-44.592,21.349c2.939,1.714,5.862,3.378,8.766,4.992c18.784,10.388,39.848,16.266,61.282,16.992 c15.811,0.541,33.749-1.494,52.262-8.546c0.726,0.152-43.224,30.032-9.899,69.854c0.052-17.348,34.745-54.289,47.803-68.41 c0.389-0.389-18.226,39.348,32.651,70.03c-21.536-26.408-10.051-43.968-2.399-57.049c-31.84-13.547-64.541-30.784-95.299-50.852 c-59.441-38.478-110.165-87.943-142.512-129.074c-16.435-20.405-28.225-38.807-36.518-51.551 c-8.091-12.914-12.128-20.65-12.146-20.633c0.017-0.017,5.608,6.68,15.456,18.208c9.662,11.648,24.322,27.533,42.228,46.012 c35.826,36.984,87.26,82.235,144.977,119.412c29.83,19.526,61.062,37.093,91.399,51.796c4.696-14.687,11.672-33.401,41.232-38.039 c-47.887-12.12-69.271,22.389-69.373,22.811c3.328-19.035,16.959-67.244,29.982-77.715 C393.235,316.244,384.3,364.856,384.789,365.354z"
              />
            </svg>
          </div>
          <div
            class="Hook-containerIcon2-1q2t2mn"
            style="padding-top: 5px;"
          >
            <p
              class="MuiTypography-root-1 MuiTypography-body2-2 Hook-detailText-1l8p3hc"
            >
              stiffness
            </p>
            <svg
              aria-hidden="true"
              class="MuiSvgIcon-root-68 Hook-icon-1w4gcm9"
              focusable="false"
              role="presentation"
              viewBox="0 0 512 512"
            >
              <path
                d="M495.487,381.376c-114.617,0.044-191.828-40.025-211.837-109.907c-14.51-50.677,5.895-121.064,58.993-123.655 c57.287,3.776,58.599,67.743,56.683,117.647c-0.707,18.569-1.131,29.775,2.686,37.991c4.361,9.352,14.072,13.86,24.839,11.538 c24.871-5.438,71.035-59.757,71.361-122.848c0.479-94.231-76.146-160.736-186.363-161.731c-0.881-0.006-1.741-0.011-2.631-0.011 C157.349,30.401,2.947,148.965,0,376.977v87.918c0,9.225,7.479,16.704,16.704,16.704h478.592c9.226,0,16.704-7.479,16.704-16.704 v-66.834C512,388.916,504.633,381.372,495.487,381.376z M160.407,448.193c-47.302-81.079-30.474-176.417,29.141-239.361 c-42.78,82.395-20.719,187.048,50.753,239.361H160.407z"
              />
            </svg>
            <svg
              aria-hidden="true"
              class="MuiSvgIcon-root-68 Hook-icon-1w4gcm9"
              focusable="false"
              role="presentation"
              viewBox="0 0 512 512"
            >
              <path
                d="M495.487,381.376c-114.617,0.044-191.828-40.025-211.837-109.907c-14.51-50.677,5.895-121.064,58.993-123.655 c57.287,3.776,58.599,67.743,56.683,117.647c-0.707,18.569-1.131,29.775,2.686,37.991c4.361,9.352,14.072,13.86,24.839,11.538 c24.871-5.438,71.035-59.757,71.361-122.848c0.479-94.231-76.146-160.736-186.363-161.731c-0.881-0.006-1.741-0.011-2.631-0.011 C157.349,30.401,2.947,148.965,0,376.977v87.918c0,9.225,7.479,16.704,16.704,16.704h478.592c9.226,0,16.704-7.479,16.704-16.704 v-66.834C512,388.916,504.633,381.372,495.487,381.376z M160.407,448.193c-47.302-81.079-30.474-176.417,29.141-239.361 c-42.78,82.395-20.719,187.048,50.753,239.361H160.407z"
              />
            </svg>
            <svg
              aria-hidden="true"
              class="MuiSvgIcon-root-68 Hook-icon-1w4gcm9"
              focusable="false"
              role="presentation"
              viewBox="0 0 512 512"
            >
              <path
                d="M495.487,381.376c-114.617,0.044-191.828-40.025-211.837-109.907c-14.51-50.677,5.895-121.064,58.993-123.655 c57.287,3.776,58.599,67.743,56.683,117.647c-0.707,18.569-1.131,29.775,2.686,37.991c4.361,9.352,14.072,13.86,24.839,11.538 c24.871-5.438,71.035-59.757,71.361-122.848c0.479-94.231-76.146-160.736-186.363-161.731c-0.881-0.006-1.741-0.011-2.631-0.011 C157.349,30.401,2.947,148.965,0,376.977v87.918c0,9.225,7.479,16.704,16.704,16.704h478.592c9.226,0,16.704-7.479,16.704-16.704 v-66.834C512,388.916,504.633,381.372,495.487,381.376z M160.407,448.193c-47.302-81.079-30.474-176.417,29.141-239.361 c-42.78,82.395-20.719,187.048,50.753,239.361H160.407z"
              />
            </svg>
            <svg
              aria-hidden="true"
              class="MuiSvgIcon-root-68 Hook-icon-1w4gcm9"
              focusable="false"
              role="presentation"
              viewBox="0 0 512 512"
            >
              <path
                d="M495.487,381.376c-114.617,0.044-191.828-40.025-211.837-109.907c-14.51-50.677,5.895-121.064,58.993-123.655 c57.287,3.776,58.599,67.743,56.683,117.647c-0.707,18.569-1.131,29.775,2.686,37.991c4.361,9.352,14.072,13.86,24.839,11.538 c24.871-5.438,71.035-59.757,71.361-122.848c0.479-94.231-76.146-160.736-186.363-161.731c-0.881-0.006-1.741-0.011-2.631-0.011 C157.349,30.401,2.947,148.965,0,376.977v87.918c0,9.225,7.479,16.704,16.704,16.704h478.592c9.226,0,16.704-7.479,16.704-16.704 v-66.834C512,388.916,504.633,381.372,495.487,381.376z M160.407,448.193c-47.302-81.079-30.474-176.417,29.141-239.361 c-42.78,82.395-20.719,187.048,50.753,239.361H160.407z"
              />
            </svg>
          </div>
          <p
            class="MuiTypography-root-1 MuiTypography-body2-2 Hook-detailTitle-ez9818 Hook-padding-1ize0xw"
          >
            experience
          </p>
          <div
            class="Hook-containerIcon2-1q2t2mn"
          >
            <p
              class="MuiTypography-root-1 MuiTypography-body2-2 Hook-detailText-1l8p3hc"
            >
              beginner
            </p>
            <div
              class="Hook-barOff-15fmgz0"
            />
            <div
              class="Hook-barOff-15fmgz0"
            />
            <div
              class="Hook-barOff-15fmgz0"
            />
            <div
              class="Hook-barOff-15fmgz0"
            />
          </div>
          <div
            class="Hook-containerIcon2-1q2t2mn"
          >
            <p
              class="MuiTypography-root-1 MuiTypography-body2-2 Hook-detailText-1l8p3hc"
            >
              intermediate
            </p>
            <div
              class="Hook-barOn-r2zmy4"
            />
            <div
              class="Hook-barOn-r2zmy4"
            />
            <div
              class="Hook-barOn-r2zmy4"
            />
            <div
              class="Hook-barOff-15fmgz0"
            />
          </div>
          <div
            class="Hook-containerIcon2-1q2t2mn"
          >
            <p
              class="MuiTypography-root-1 MuiTypography-body2-2 Hook-detailText-1l8p3hc"
            >
              pro
            </p>
            <div
              class="Hook-barOn-r2zmy4"
            />
            <div
              class="Hook-barOn-r2zmy4"
            />
            <div
              class="Hook-barOn-r2zmy4"
            />
            <div
              class="Hook-barOn-r2zmy4"
            />
          </div>
        </div>
        <div
          class="Hook-containerImg-1ecef5x"
        >
          <div
            class="Hook-img-m3smt gatsby-image-wrapper"
            style="position: relative; overflow: hidden;"
          >
            <div
              style="width: 100%;"
            />
            <picture>
              <source
                sizes="mockString"
                srcset="mockString"
              />
              <img
                alt="feature.featureProduct"
                src="mockString"
                style="position: absolute; top: 0px; left: 0px; width: 100%; height: 100%; opacity: 0;"
              />
            </picture>
            <noscript>
              &lt;picture&gt;&lt;source srcSet="mockString" sizes="mockString" /&gt;&lt;img src="mockString" alt="feature.featureProduct" style="position:absolute;top:0;left:0;transition:opacity 0.5s;transition-delay:0.5s;opacity:1;width:100%;height:100%;object-fit:cover;object-position:center"/&gt;&lt;/picture&gt;
            </noscript>
          </div>
        </div>
        <div
          class="Hook-containerInfo-1wmq112"
        >
          <p
            class="MuiTypography-root-1 MuiTypography-body2-2 Hook-detailTitle2-pzqndg"
          >
            Honeycomb Fin
          </p>
          <p
            class="MuiTypography-root-1 MuiTypography-body2-2 Hook-detailText-1l8p3hc"
          >
            The New Eisbach Riders Double Tab FCS 1 Fiberglass Fin With A Honeycomb Core Is Extra Lightweight And Provides An Immediate Response During The Turns. With a moderate flex it is ideal for making fast changes of direction. The Fin Design Is Suited For Any Waves As Well As For River Surfing.
          </p>
          <button
            class="MuiButtonBase-root-48 MuiButton-root-31 MuiButton-outlined-36 MuiButton-outlinedSecondary-38 Hook-button-1ecjfgm"
            tabindex="0"
            type="button"
          >
            <span
              class="MuiButton-label-32"
            >
              more info
            </span>
            <span
              class="MuiTouchRipple-root-77"
            />
          </button>
        </div>
      </div>
    </div>
  </body>,
  "container": <div>
    <div
      class="Hook-root-2vwdl0"
      id="products"
    >
      <div
        class="Hook-containerDetails-1cbfjn5"
      >
        <p
          class="MuiTypography-root-1 MuiTypography-body2-2 Hook-detailTitle-ez9818"
        >
          response
        </p>
        <div
          class="Hook-containerIcon2-1q2t2mn"
        >
          <p
            class="MuiTypography-root-1 MuiTypography-body2-2 Hook-detailText-1l8p3hc"
          >
            weight
          </p>
          <svg
            aria-hidden="true"
            class="MuiSvgIcon-root-68 Hook-icon-1w4gcm9"
            focusable="false"
            role="presentation"
            viewBox="0 0 484.42 484.4"
          >
            <path
              d="M384.789,365.354c-0.692-5.075-1.52-9.932-2.466-14.578c-6.469-31.544-21.299-60.817-42.937-84.667 c6.452,28.411-11.2,46.561-11.419,46.502c3.125-34.128-8.259-68.021-31.366-93.324c-9.325-10.195-18.834-20.642-28.546-31.341 c-33.834-37.203-61.316-74.913-85.859-106.718c0.592,15.717-4.729,35.851-25.76,60.471c0.237-0.026,9.003-17.094,12.246-45.616 c2.129-18.706-3.885-37.421-16.485-51.407C121.675,10.859,91.693-8.744,53.231,3.833C13.2,16.736,1.308,59.69,15.901,119.013 c4.054,16.503,14.358,30.784,28.733,39.846c32.616,20.54,56.703,18.386,56.484,18.641c-31.535,8.461-54.102,0.835-69.169-11.208 c19.998,47.135,53.68,98.772,97.783,147.216c16.013,17.643,32.921,33.519,50.235,47.607c27.955,22.752,65.943,29.264,99.86,17.044 l0,0c-0.1-0.213-10.726,23.909-44.592,21.349c2.939,1.714,5.862,3.378,8.766,4.992c18.784,10.388,39.848,16.266,61.282,16.992 c15.811,0.541,33.749-1.494,52.262-8.546c0.726,0.152-43.224,30.032-9.899,69.854c0.052-17.348,34.745-54.289,47.803-68.41 c0.389-0.389-18.226,39.348,32.651,70.03c-21.536-26.408-10.051-43.968-2.399-57.049c-31.84-13.547-64.541-30.784-95.299-50.852 c-59.441-38.478-110.165-87.943-142.512-129.074c-16.435-20.405-28.225-38.807-36.518-51.551 c-8.091-12.914-12.128-20.65-12.146-20.633c0.017-0.017,5.608,6.68,15.456,18.208c9.662,11.648,24.322,27.533,42.228,46.012 c35.826,36.984,87.26,82.235,144.977,119.412c29.83,19.526,61.062,37.093,91.399,51.796c4.696-14.687,11.672-33.401,41.232-38.039 c-47.887-12.12-69.271,22.389-69.373,22.811c3.328-19.035,16.959-67.244,29.982-77.715 C393.235,316.244,384.3,364.856,384.789,365.354z"
            />
          </svg>
          <svg
            aria-hidden="true"
            class="MuiSvgIcon-root-68 Hook-icon-1w4gcm9"
            focusable="false"
            role="presentation"
            viewBox="0 0 484.42 484.4"
          >
            <path
              d="M384.789,365.354c-0.692-5.075-1.52-9.932-2.466-14.578c-6.469-31.544-21.299-60.817-42.937-84.667 c6.452,28.411-11.2,46.561-11.419,46.502c3.125-34.128-8.259-68.021-31.366-93.324c-9.325-10.195-18.834-20.642-28.546-31.341 c-33.834-37.203-61.316-74.913-85.859-106.718c0.592,15.717-4.729,35.851-25.76,60.471c0.237-0.026,9.003-17.094,12.246-45.616 c2.129-18.706-3.885-37.421-16.485-51.407C121.675,10.859,91.693-8.744,53.231,3.833C13.2,16.736,1.308,59.69,15.901,119.013 c4.054,16.503,14.358,30.784,28.733,39.846c32.616,20.54,56.703,18.386,56.484,18.641c-31.535,8.461-54.102,0.835-69.169-11.208 c19.998,47.135,53.68,98.772,97.783,147.216c16.013,17.643,32.921,33.519,50.235,47.607c27.955,22.752,65.943,29.264,99.86,17.044 l0,0c-0.1-0.213-10.726,23.909-44.592,21.349c2.939,1.714,5.862,3.378,8.766,4.992c18.784,10.388,39.848,16.266,61.282,16.992 c15.811,0.541,33.749-1.494,52.262-8.546c0.726,0.152-43.224,30.032-9.899,69.854c0.052-17.348,34.745-54.289,47.803-68.41 c0.389-0.389-18.226,39.348,32.651,70.03c-21.536-26.408-10.051-43.968-2.399-57.049c-31.84-13.547-64.541-30.784-95.299-50.852 c-59.441-38.478-110.165-87.943-142.512-129.074c-16.435-20.405-28.225-38.807-36.518-51.551 c-8.091-12.914-12.128-20.65-12.146-20.633c0.017-0.017,5.608,6.68,15.456,18.208c9.662,11.648,24.322,27.533,42.228,46.012 c35.826,36.984,87.26,82.235,144.977,119.412c29.83,19.526,61.062,37.093,91.399,51.796c4.696-14.687,11.672-33.401,41.232-38.039 c-47.887-12.12-69.271,22.389-69.373,22.811c3.328-19.035,16.959-67.244,29.982-77.715 C393.235,316.244,384.3,364.856,384.789,365.354z"
            />
          </svg>
          <svg
            aria-hidden="true"
            class="MuiSvgIcon-root-68 Hook-icon-1w4gcm9"
            focusable="false"
            role="presentation"
            viewBox="0 0 484.42 484.4"
          >
            <path
              d="M384.789,365.354c-0.692-5.075-1.52-9.932-2.466-14.578c-6.469-31.544-21.299-60.817-42.937-84.667 c6.452,28.411-11.2,46.561-11.419,46.502c3.125-34.128-8.259-68.021-31.366-93.324c-9.325-10.195-18.834-20.642-28.546-31.341 c-33.834-37.203-61.316-74.913-85.859-106.718c0.592,15.717-4.729,35.851-25.76,60.471c0.237-0.026,9.003-17.094,12.246-45.616 c2.129-18.706-3.885-37.421-16.485-51.407C121.675,10.859,91.693-8.744,53.231,3.833C13.2,16.736,1.308,59.69,15.901,119.013 c4.054,16.503,14.358,30.784,28.733,39.846c32.616,20.54,56.703,18.386,56.484,18.641c-31.535,8.461-54.102,0.835-69.169-11.208 c19.998,47.135,53.68,98.772,97.783,147.216c16.013,17.643,32.921,33.519,50.235,47.607c27.955,22.752,65.943,29.264,99.86,17.044 l0,0c-0.1-0.213-10.726,23.909-44.592,21.349c2.939,1.714,5.862,3.378,8.766,4.992c18.784,10.388,39.848,16.266,61.282,16.992 c15.811,0.541,33.749-1.494,52.262-8.546c0.726,0.152-43.224,30.032-9.899,69.854c0.052-17.348,34.745-54.289,47.803-68.41 c0.389-0.389-18.226,39.348,32.651,70.03c-21.536-26.408-10.051-43.968-2.399-57.049c-31.84-13.547-64.541-30.784-95.299-50.852 c-59.441-38.478-110.165-87.943-142.512-129.074c-16.435-20.405-28.225-38.807-36.518-51.551 c-8.091-12.914-12.128-20.65-12.146-20.633c0.017-0.017,5.608,6.68,15.456,18.208c9.662,11.648,24.322,27.533,42.228,46.012 c35.826,36.984,87.26,82.235,144.977,119.412c29.83,19.526,61.062,37.093,91.399,51.796c4.696-14.687,11.672-33.401,41.232-38.039 c-47.887-12.12-69.271,22.389-69.373,22.811c3.328-19.035,16.959-67.244,29.982-77.715 C393.235,316.244,384.3,364.856,384.789,365.354z"
            />
          </svg>
          <svg
            aria-hidden="true"
            class="MuiSvgIcon-root-68 Hook-off-ol7h5l Hook-icon-1w4gcm9"
            focusable="false"
            role="presentation"
            viewBox="0 0 484.42 484.4"
          >
            <path
              d="M384.789,365.354c-0.692-5.075-1.52-9.932-2.466-14.578c-6.469-31.544-21.299-60.817-42.937-84.667 c6.452,28.411-11.2,46.561-11.419,46.502c3.125-34.128-8.259-68.021-31.366-93.324c-9.325-10.195-18.834-20.642-28.546-31.341 c-33.834-37.203-61.316-74.913-85.859-106.718c0.592,15.717-4.729,35.851-25.76,60.471c0.237-0.026,9.003-17.094,12.246-45.616 c2.129-18.706-3.885-37.421-16.485-51.407C121.675,10.859,91.693-8.744,53.231,3.833C13.2,16.736,1.308,59.69,15.901,119.013 c4.054,16.503,14.358,30.784,28.733,39.846c32.616,20.54,56.703,18.386,56.484,18.641c-31.535,8.461-54.102,0.835-69.169-11.208 c19.998,47.135,53.68,98.772,97.783,147.216c16.013,17.643,32.921,33.519,50.235,47.607c27.955,22.752,65.943,29.264,99.86,17.044 l0,0c-0.1-0.213-10.726,23.909-44.592,21.349c2.939,1.714,5.862,3.378,8.766,4.992c18.784,10.388,39.848,16.266,61.282,16.992 c15.811,0.541,33.749-1.494,52.262-8.546c0.726,0.152-43.224,30.032-9.899,69.854c0.052-17.348,34.745-54.289,47.803-68.41 c0.389-0.389-18.226,39.348,32.651,70.03c-21.536-26.408-10.051-43.968-2.399-57.049c-31.84-13.547-64.541-30.784-95.299-50.852 c-59.441-38.478-110.165-87.943-142.512-129.074c-16.435-20.405-28.225-38.807-36.518-51.551 c-8.091-12.914-12.128-20.65-12.146-20.633c0.017-0.017,5.608,6.68,15.456,18.208c9.662,11.648,24.322,27.533,42.228,46.012 c35.826,36.984,87.26,82.235,144.977,119.412c29.83,19.526,61.062,37.093,91.399,51.796c4.696-14.687,11.672-33.401,41.232-38.039 c-47.887-12.12-69.271,22.389-69.373,22.811c3.328-19.035,16.959-67.244,29.982-77.715 C393.235,316.244,384.3,364.856,384.789,365.354z"
            />
          </svg>
        </div>
        <div
          class="Hook-containerIcon2-1q2t2mn"
          style="padding-top: 5px;"
        >
          <p
            class="MuiTypography-root-1 MuiTypography-body2-2 Hook-detailText-1l8p3hc"
          >
            stiffness
          </p>
          <svg
            aria-hidden="true"
            class="MuiSvgIcon-root-68 Hook-icon-1w4gcm9"
            focusable="false"
            role="presentation"
            viewBox="0 0 512 512"
          >
            <path
              d="M495.487,381.376c-114.617,0.044-191.828-40.025-211.837-109.907c-14.51-50.677,5.895-121.064,58.993-123.655 c57.287,3.776,58.599,67.743,56.683,117.647c-0.707,18.569-1.131,29.775,2.686,37.991c4.361,9.352,14.072,13.86,24.839,11.538 c24.871-5.438,71.035-59.757,71.361-122.848c0.479-94.231-76.146-160.736-186.363-161.731c-0.881-0.006-1.741-0.011-2.631-0.011 C157.349,30.401,2.947,148.965,0,376.977v87.918c0,9.225,7.479,16.704,16.704,16.704h478.592c9.226,0,16.704-7.479,16.704-16.704 v-66.834C512,388.916,504.633,381.372,495.487,381.376z M160.407,448.193c-47.302-81.079-30.474-176.417,29.141-239.361 c-42.78,82.395-20.719,187.048,50.753,239.361H160.407z"
            />
          </svg>
          <svg
            aria-hidden="true"
            class="MuiSvgIcon-root-68 Hook-icon-1w4gcm9"
            focusable="false"
            role="presentation"
            viewBox="0 0 512 512"
          >
            <path
              d="M495.487,381.376c-114.617,0.044-191.828-40.025-211.837-109.907c-14.51-50.677,5.895-121.064,58.993-123.655 c57.287,3.776,58.599,67.743,56.683,117.647c-0.707,18.569-1.131,29.775,2.686,37.991c4.361,9.352,14.072,13.86,24.839,11.538 c24.871-5.438,71.035-59.757,71.361-122.848c0.479-94.231-76.146-160.736-186.363-161.731c-0.881-0.006-1.741-0.011-2.631-0.011 C157.349,30.401,2.947,148.965,0,376.977v87.918c0,9.225,7.479,16.704,16.704,16.704h478.592c9.226,0,16.704-7.479,16.704-16.704 v-66.834C512,388.916,504.633,381.372,495.487,381.376z M160.407,448.193c-47.302-81.079-30.474-176.417,29.141-239.361 c-42.78,82.395-20.719,187.048,50.753,239.361H160.407z"
            />
          </svg>
          <svg
            aria-hidden="true"
            class="MuiSvgIcon-root-68 Hook-icon-1w4gcm9"
            focusable="false"
            role="presentation"
            viewBox="0 0 512 512"
          >
            <path
              d="M495.487,381.376c-114.617,0.044-191.828-40.025-211.837-109.907c-14.51-50.677,5.895-121.064,58.993-123.655 c57.287,3.776,58.599,67.743,56.683,117.647c-0.707,18.569-1.131,29.775,2.686,37.991c4.361,9.352,14.072,13.86,24.839,11.538 c24.871-5.438,71.035-59.757,71.361-122.848c0.479-94.231-76.146-160.736-186.363-161.731c-0.881-0.006-1.741-0.011-2.631-0.011 C157.349,30.401,2.947,148.965,0,376.977v87.918c0,9.225,7.479,16.704,16.704,16.704h478.592c9.226,0,16.704-7.479,16.704-16.704 v-66.834C512,388.916,504.633,381.372,495.487,381.376z M160.407,448.193c-47.302-81.079-30.474-176.417,29.141-239.361 c-42.78,82.395-20.719,187.048,50.753,239.361H160.407z"
            />
          </svg>
          <svg
            aria-hidden="true"
            class="MuiSvgIcon-root-68 Hook-icon-1w4gcm9"
            focusable="false"
            role="presentation"
            viewBox="0 0 512 512"
          >
            <path
              d="M495.487,381.376c-114.617,0.044-191.828-40.025-211.837-109.907c-14.51-50.677,5.895-121.064,58.993-123.655 c57.287,3.776,58.599,67.743,56.683,117.647c-0.707,18.569-1.131,29.775,2.686,37.991c4.361,9.352,14.072,13.86,24.839,11.538 c24.871-5.438,71.035-59.757,71.361-122.848c0.479-94.231-76.146-160.736-186.363-161.731c-0.881-0.006-1.741-0.011-2.631-0.011 C157.349,30.401,2.947,148.965,0,376.977v87.918c0,9.225,7.479,16.704,16.704,16.704h478.592c9.226,0,16.704-7.479,16.704-16.704 v-66.834C512,388.916,504.633,381.372,495.487,381.376z M160.407,448.193c-47.302-81.079-30.474-176.417,29.141-239.361 c-42.78,82.395-20.719,187.048,50.753,239.361H160.407z"
            />
          </svg>
        </div>
        <p
          class="MuiTypography-root-1 MuiTypography-body2-2 Hook-detailTitle-ez9818 Hook-padding-1ize0xw"
        >
          experience
        </p>
        <div
          class="Hook-containerIcon2-1q2t2mn"
        >
          <p
            class="MuiTypography-root-1 MuiTypography-body2-2 Hook-detailText-1l8p3hc"
          >
            beginner
          </p>
          <div
            class="Hook-barOff-15fmgz0"
          />
          <div
            class="Hook-barOff-15fmgz0"
          />
          <div
            class="Hook-barOff-15fmgz0"
          />
          <div
            class="Hook-barOff-15fmgz0"
          />
        </div>
        <div
          class="Hook-containerIcon2-1q2t2mn"
        >
          <p
            class="MuiTypography-root-1 MuiTypography-body2-2 Hook-detailText-1l8p3hc"
          >
            intermediate
          </p>
          <div
            class="Hook-barOn-r2zmy4"
          />
          <div
            class="Hook-barOn-r2zmy4"
          />
          <div
            class="Hook-barOn-r2zmy4"
          />
          <div
            class="Hook-barOff-15fmgz0"
          />
        </div>
        <div
          class="Hook-containerIcon2-1q2t2mn"
        >
          <p
            class="MuiTypography-root-1 MuiTypography-body2-2 Hook-detailText-1l8p3hc"
          >
            pro
          </p>
          <div
            class="Hook-barOn-r2zmy4"
          />
          <div
            class="Hook-barOn-r2zmy4"
          />
          <div
            class="Hook-barOn-r2zmy4"
          />
          <div
            class="Hook-barOn-r2zmy4"
          />
        </div>
      </div>
      <div
        class="Hook-containerImg-1ecef5x"
      >
        <div
          class="Hook-img-m3smt gatsby-image-wrapper"
          style="position: relative; overflow: hidden;"
        >
          <div
            style="width: 100%;"
          />
          <picture>
            <source
              sizes="mockString"
              srcset="mockString"
            />
            <img
              alt="feature.featureProduct"
              src="mockString"
              style="position: absolute; top: 0px; left: 0px; width: 100%; height: 100%; opacity: 0;"
            />
          </picture>
          <noscript>
            &lt;picture&gt;&lt;source srcSet="mockString" sizes="mockString" /&gt;&lt;img src="mockString" alt="feature.featureProduct" style="position:absolute;top:0;left:0;transition:opacity 0.5s;transition-delay:0.5s;opacity:1;width:100%;height:100%;object-fit:cover;object-position:center"/&gt;&lt;/picture&gt;
          </noscript>
        </div>
      </div>
      <div
        class="Hook-containerInfo-1wmq112"
      >
        <p
          class="MuiTypography-root-1 MuiTypography-body2-2 Hook-detailTitle2-pzqndg"
        >
          Honeycomb Fin
        </p>
        <p
          class="MuiTypography-root-1 MuiTypography-body2-2 Hook-detailText-1l8p3hc"
        >
          The New Eisbach Riders Double Tab FCS 1 Fiberglass Fin With A Honeycomb Core Is Extra Lightweight And Provides An Immediate Response During The Turns. With a moderate flex it is ideal for making fast changes of direction. The Fin Design Is Suited For Any Waves As Well As For River Surfing.
        </p>
        <button
          class="MuiButtonBase-root-48 MuiButton-root-31 MuiButton-outlined-36 MuiButton-outlinedSecondary-38 Hook-button-1ecjfgm"
          tabindex="0"
          type="button"
        >
          <span
            class="MuiButton-label-32"
          >
            more info
          </span>
          <span
            class="MuiTouchRipple-root-77"
          />
        </button>
      </div>
    </div>
  </div>,
  "debug": [Function],
  "getAllByAltText": [Function],
  "getAllByDisplayValue": [Function],
  "getAllByLabelText": [Function],
  "getAllByPlaceholderText": [Function],
  "getAllByRole": [Function],
  "getAllBySelectText": [Function],
  "getAllByTestId": [Function],
  "getAllByText": [Function],
  "getAllByTitle": [Function],
  "getAllByValue": [Function],
  "getByAltText": [Function],
  "getByDisplayValue": [Function],
  "getByLabelText": [Function],
  "getByPlaceholderText": [Function],
  "getByRole": [Function],
  "getBySelectText": [Function],
  "getByTestId": [Function],
  "getByText": [Function],
  "getByTitle": [Function],
  "getByValue": [Function],
  "queryAllByAltText": [Function],
  "queryAllByDisplayValue": [Function],
  "queryAllByLabelText": [Function],
  "queryAllByPlaceholderText": [Function],
  "queryAllByRole": [Function],
  "queryAllBySelectText": [Function],
  "queryAllByTestId": [Function],
  "queryAllByText": [Function],
  "queryAllByTitle": [Function],
  "queryAllByValue": [Function],
  "queryByAltText": [Function],
  "queryByDisplayValue": [Function],
  "queryByLabelText": [Function],
  "queryByPlaceholderText": [Function],
  "queryByRole": [Function],
  "queryBySelectText": [Function],
  "queryByTestId": [Function],
  "queryByText": [Function],
  "queryByTitle": [Function],
  "queryByValue": [Function],
  "rerender": [Function],
  "unmount": [Function],
}
`;
