// Jest Snapshot v1, https://goo.gl/fbAQLP

exports[`Hero renders correctly 1`] = `
Object {
  "asFragment": [Function],
  "baseElement": <body>
    <div>
      <div
        class="Hook-root-xpbc82"
      >
        <div
          class="Hook-img-2zpuhd gatsby-image-wrapper"
          style="position: absolute; overflow: hidden;"
        >
          <div
            style="width: 100%;"
          />
          <picture>
            <img
              alt="wave"
              sizes="mockString"
              src="mockString"
              srcset="mockString"
              style="position: absolute; top: 0px; left: 0px; width: 100%; height: 100%; opacity: 0;"
            />
          </picture>
          <noscript>
            &lt;picture&gt;&lt;img sizes="mockString" srcset="mockString" src="mockString" alt="wave" style="position:absolute;top:0;left:0;transition:opacity 0.5s;transition-delay:0.5s;opacity:1;width:100%;height:100%;object-fit:cover;object-position:center"/&gt;&lt;/picture&gt;
          </noscript>
        </div>
        <div
          class="Hook-container-gxkfpg"
        >
          <h2
            class="MuiTypography-root MuiTypography-h2 MuiTypography-gutterBottom Hook-text-t3rl6s Hook-title-trdj2x"
          >
            E
            <span
              class="Hook-small-e5sp6t"
            >
              ISBACH
            </span>
          </h2>
          <h2
            class="MuiTypography-root MuiTypography-h2 MuiTypography-gutterBottom Hook-text-t3rl6s Hook-title-trdj2x Hook-title2-dfih78"
          >
            R
            <span
              class="Hook-small-e5sp6t"
            >
              IDERS
            </span>
          </h2>
          <p
            class="MuiTypography-root MuiTypography-body2 Hook-text-t3rl6s Hook-subtitle-1wf8bht"
          >
            hero.subtitle
          </p>
          <div
            class="Hook-containerNewsletter-hfs42l"
          >
            <button
              class="MuiButtonBase-root MuiButton-root MuiButton-contained MuiButton-containedPrimary MuiButton-fullWidth Hook-button-mqnrj"
              tabindex="0"
              type="button"
            >
              <span
                class="MuiButton-label"
              >
                newsletter.signUp
              </span>
              <span
                class="MuiTouchRipple-root"
              />
            </button>
          </div>
        </div>
      </div>
    </div>
  </body>,
  "container": <div>
    <div
      class="Hook-root-xpbc82"
    >
      <div
        class="Hook-img-2zpuhd gatsby-image-wrapper"
        style="position: absolute; overflow: hidden;"
      >
        <div
          style="width: 100%;"
        />
        <picture>
          <img
            alt="wave"
            sizes="mockString"
            src="mockString"
            srcset="mockString"
            style="position: absolute; top: 0px; left: 0px; width: 100%; height: 100%; opacity: 0;"
          />
        </picture>
        <noscript>
          &lt;picture&gt;&lt;img sizes="mockString" srcset="mockString" src="mockString" alt="wave" style="position:absolute;top:0;left:0;transition:opacity 0.5s;transition-delay:0.5s;opacity:1;width:100%;height:100%;object-fit:cover;object-position:center"/&gt;&lt;/picture&gt;
        </noscript>
      </div>
      <div
        class="Hook-container-gxkfpg"
      >
        <h2
          class="MuiTypography-root MuiTypography-h2 MuiTypography-gutterBottom Hook-text-t3rl6s Hook-title-trdj2x"
        >
          E
          <span
            class="Hook-small-e5sp6t"
          >
            ISBACH
          </span>
        </h2>
        <h2
          class="MuiTypography-root MuiTypography-h2 MuiTypography-gutterBottom Hook-text-t3rl6s Hook-title-trdj2x Hook-title2-dfih78"
        >
          R
          <span
            class="Hook-small-e5sp6t"
          >
            IDERS
          </span>
        </h2>
        <p
          class="MuiTypography-root MuiTypography-body2 Hook-text-t3rl6s Hook-subtitle-1wf8bht"
        >
          hero.subtitle
        </p>
        <div
          class="Hook-containerNewsletter-hfs42l"
        >
          <button
            class="MuiButtonBase-root MuiButton-root MuiButton-contained MuiButton-containedPrimary MuiButton-fullWidth Hook-button-mqnrj"
            tabindex="0"
            type="button"
          >
            <span
              class="MuiButton-label"
            >
              newsletter.signUp
            </span>
            <span
              class="MuiTouchRipple-root"
            />
          </button>
        </div>
      </div>
    </div>
  </div>,
  "debug": [Function],
  "getAllByAltText": [Function],
  "getAllByDisplayValue": [Function],
  "getAllByLabelText": [Function],
  "getAllByPlaceholderText": [Function],
  "getAllByRole": [Function],
  "getAllBySelectText": [Function],
  "getAllByTestId": [Function],
  "getAllByText": [Function],
  "getAllByTitle": [Function],
  "getAllByValue": [Function],
  "getByAltText": [Function],
  "getByDisplayValue": [Function],
  "getByLabelText": [Function],
  "getByPlaceholderText": [Function],
  "getByRole": [Function],
  "getBySelectText": [Function],
  "getByTestId": [Function],
  "getByText": [Function],
  "getByTitle": [Function],
  "getByValue": [Function],
  "queryAllByAltText": [Function],
  "queryAllByDisplayValue": [Function],
  "queryAllByLabelText": [Function],
  "queryAllByPlaceholderText": [Function],
  "queryAllByRole": [Function],
  "queryAllBySelectText": [Function],
  "queryAllByTestId": [Function],
  "queryAllByText": [Function],
  "queryAllByTitle": [Function],
  "queryAllByValue": [Function],
  "queryByAltText": [Function],
  "queryByDisplayValue": [Function],
  "queryByLabelText": [Function],
  "queryByPlaceholderText": [Function],
  "queryByRole": [Function],
  "queryBySelectText": [Function],
  "queryByTestId": [Function],
  "queryByText": [Function],
  "queryByTitle": [Function],
  "queryByValue": [Function],
  "rerender": [Function],
  "unmount": [Function],
}
`;
